Gimbal_App.c:68:6:Gimbal_Task_Function	56	static
Gimbal_App.c:336:6:gimbal_set_mode	16	static
Gimbal_App.c:345:6:gimbal_set_act_mode	16	static
Gimbal_App.c:355:6:gimbal_set_motor_mode	16	static
Gimbal_App.c:363:6:gimbal_task_init	16	static
Gimbal_App.c:402:6:gimbal_calibration_reset	48	static
Gimbal_App.c:455:6:gimbal_reset_data	16	static
Gimbal_App.c:511:6:gimbal_get_raw_mpu_data	16	static
Gimbal_App.c:520:6:gimbal_get_euler_angle	16	static
Gimbal_App.c:532:6:gimbal_gyro_update_abs_angle	24	static
Gimbal_App.c:575:6:gimbal_get_ecd_fb_data	24	static
Gimbal_App.c:587:9:gimbal_get_ecd_rel_angle	24	static
Gimbal_App.c:622:6:gimbal_update_ecd_rel_angle	16	static
Gimbal_App.c:637:6:gimbal_update_truns	16	static
Gimbal_App.c:666:6:gimbal_set_limited_angle	24	static
Gimbal_App.c:684:6:gimbal_set_spd	16	static
Gimbal_App.c:691:13:gimbal_update_comm_info	24	static
Gimbal_App.c:700:13:gimbal_update_rc_rel_angle	32	static
Gimbal_App.c:758:13:gimbal_rc_mode_selection	24	static
Gimbal_App.c:835:13:gimbal_update_autoaim_rel_angle	48	static
Gimbal_App.c:884:6:gimbal_cmd_exec	16	static
