Gimbal_App.c:67:6:Gimbal_Task_Function	48	static
Gimbal_App.c:338:6:gimbal_set_mode	16	static
Gimbal_App.c:347:6:gimbal_set_act_mode	16	static
Gimbal_App.c:357:6:gimbal_set_motor_mode	16	static
Gimbal_App.c:365:6:gimbal_task_init	16	static
Gimbal_App.c:404:6:gimbal_calibration_reset	40	static
Gimbal_App.c:451:6:gimbal_reset_data	16	static
Gimbal_App.c:510:6:gimbal_get_raw_mpu_data	16	static
Gimbal_App.c:519:6:gimbal_get_euler_angle	16	static
Gimbal_App.c:531:6:gimbal_gyro_update_abs_angle	24	static
Gimbal_App.c:570:6:gimbal_get_ecd_fb_data	24	static
Gimbal_App.c:583:9:gimbal_get_ecd_rel_angle	24	static
Gimbal_App.c:618:6:gimbal_update_ecd_rel_angle	16	static
Gimbal_App.c:627:6:gimbal_safe_mode_switch	16	static
Gimbal_App.c:651:6:gimbal_update_truns	16	static
Gimbal_App.c:676:6:gimbal_update_rel_turns	16	static
Gimbal_App.c:689:6:gimbal_set_limited_angle	24	static
Gimbal_App.c:708:6:gimbal_set_spd	16	static
Gimbal_App.c:715:13:gimbal_update_comm_info	24	static
Gimbal_App.c:724:13:gimbal_update_rc_rel_angle	32	static
Gimbal_App.c:793:13:gimbal_rc_mode_selection	24	static
Gimbal_App.c:870:13:gimbal_update_autoaim_rel_angle	48	static
Gimbal_App.c:923:6:gimbal_cmd_exec	24	static
