Gimbal_App.c:65:6:Gimbal_Task_Function	56	static
Gimbal_App.c:333:6:gimbal_set_mode	16	static
Gimbal_App.c:342:6:gimbal_set_act_mode	16	static
Gimbal_App.c:352:6:gimbal_set_motor_mode	16	static
Gimbal_App.c:360:6:gimbal_task_init	16	static
Gimbal_App.c:399:6:gimbal_calibration_reset	48	static
Gimbal_App.c:452:6:gimbal_reset_data	16	static
Gimbal_App.c:508:6:gimbal_get_raw_mpu_data	16	static
Gimbal_App.c:517:6:gimbal_get_euler_angle	16	static
Gimbal_App.c:529:6:gimbal_gyro_update_abs_angle	24	static
Gimbal_App.c:572:6:gimbal_get_ecd_fb_data	24	static
Gimbal_App.c:584:9:gimbal_get_ecd_rel_angle	24	static
Gimbal_App.c:619:6:gimbal_update_ecd_rel_angle	16	static
Gimbal_App.c:634:6:gimbal_update_truns	16	static
Gimbal_App.c:663:6:gimbal_set_limited_angle	24	static
Gimbal_App.c:681:6:gimbal_set_spd	16	static
Gimbal_App.c:688:13:gimbal_update_comm_info	24	static
Gimbal_App.c:697:13:gimbal_update_rc_rel_angle	32	static
Gimbal_App.c:755:13:gimbal_rc_mode_selection	24	static
Gimbal_App.c:832:13:gimbal_update_autoaim_rel_angle	48	static
Gimbal_App.c:881:6:gimbal_cmd_exec	16	static
