Shoot_App.c:32:6:Shoot_Task_Func	24	static
Shoot_App.c:127:6:shoot_task_init	16	static
Shoot_App.c:176:6:shoot_firc_init	16	static
Shoot_App.c:211:6:shoot_params_init	16	static
Shoot_App.c:230:6:shoot_servo_init	8	static
Shoot_App.c:244:6:set_shoot_mode	16	static
Shoot_App.c:248:6:set_lid_status	16	static
Shoot_App.c:252:6:set_mag_motor_speed	16	static
Shoot_App.c:257:6:set_mag_motor_angle	16	static
Shoot_App.c:269:6:set_fric_motor_speed	16	static
Shoot_App.c:273:6:set_fric_motor_current	16	static
Shoot_App.c:277:6:set_servo_value	16	static
Shoot_App.c:285:6:shoot_stop	16	static
Shoot_App.c:322:6:shoot_fric_pwm_engagement	16	static
Shoot_App.c:347:6:shoot_fric_can_engagement	24	static
Shoot_App.c:380:6:shoot_execute	24	static
Shoot_App.c:419:6:shoot_fric_get_feedback	16	static
Shoot_App.c:431:6:shoot_mag_get_feedback	16	static
Shoot_App.c:435:6:shoot_mag_get_rel_angle	16	static
Shoot_App.c:453:9:shoot_mag_update_turns	16	static
Shoot_App.c:470:6:shoot_mag_dual_loop_control	16	static
Shoot_App.c:491:13:shoot_mode_rc_selection	24	static
Shoot_App.c:528:13:shoot_lid_status_selection	16	static
Shoot_App.c:544:6:shoot_detect_mag_status	16	static
