Shoot_App.c:35:6:Shoot_Task_Func	24	static
Shoot_App.c:130:6:shoot_task_init	16	static
Shoot_App.c:179:6:shoot_firc_init	16	static
Shoot_App.c:214:6:shoot_params_init	16	static
Shoot_App.c:233:6:shoot_servo_init	8	static
Shoot_App.c:247:6:set_shoot_mode	16	static
Shoot_App.c:251:6:set_lid_status	16	static
Shoot_App.c:255:6:set_mag_motor_speed	16	static
Shoot_App.c:260:6:set_mag_motor_angle	16	static
Shoot_App.c:272:6:set_fric_motor_speed	16	static
Shoot_App.c:276:6:set_fric_motor_current	16	static
Shoot_App.c:280:6:set_servo_value	16	static
Shoot_App.c:288:6:shoot_stop	16	static
Shoot_App.c:325:6:shoot_fric_pwm_engagement	16	static
Shoot_App.c:350:6:shoot_fric_can_engagement	24	static
Shoot_App.c:383:6:shoot_execute	24	static
Shoot_App.c:422:6:shoot_fric_get_feedback	16	static
Shoot_App.c:434:6:shoot_mag_get_feedback	16	static
Shoot_App.c:438:6:shoot_mag_get_rel_angle	16	static
Shoot_App.c:456:9:shoot_mag_update_turns	16	static
Shoot_App.c:473:6:shoot_mag_dual_loop_control	16	static
Shoot_App.c:494:13:shoot_mode_rc_selection	24	static
Shoot_App.c:533:13:shoot_lid_status_selection	16	static
Shoot_App.c:549:6:shoot_detect_mag_status	16	static
