Shoot_App.c:32:6:Shoot_Task_Func	24	static
Shoot_App.c:124:6:shoot_task_init	16	static
Shoot_App.c:173:6:shoot_firc_init	16	static
Shoot_App.c:194:6:shoot_params_init	16	static
Shoot_App.c:214:6:shoot_servo_init	8	static
Shoot_App.c:228:6:set_shoot_mode	16	static
Shoot_App.c:232:6:set_lid_status	16	static
Shoot_App.c:236:6:set_mag_motor_speed	16	static
Shoot_App.c:241:6:set_mag_motor_angle	16	static
Shoot_App.c:253:6:set_fric_motor_speed	16	static
Shoot_App.c:257:6:set_fric_motor_current	16	static
Shoot_App.c:261:6:set_servo_value	16	static
Shoot_App.c:269:6:shoot_stop	16	static
Shoot_App.c:304:6:shoot_fric_pwm_engagement	16	static
Shoot_App.c:329:6:shoot_fric_can_engagement	24	static
Shoot_App.c:362:6:shoot_execute	24	static
Shoot_App.c:400:6:shoot_fric_get_feedback	16	static
Shoot_App.c:412:6:shoot_mag_get_feedback	16	static
Shoot_App.c:416:6:shoot_mag_get_rel_angle	16	static
Shoot_App.c:434:9:shoot_mag_update_turns	16	static
Shoot_App.c:451:6:shoot_mag_dual_loop_control	16	static
Shoot_App.c:467:13:shoot_mode_rc_selection	24	static
Shoot_App.c:504:13:shoot_lid_status_selection	16	static
Shoot_App.c:524:6:shoot_detect_mag_status	16	static
