Shoot_App.c:31:6:Shoot_Task_Func	24	static
Shoot_App.c:125:6:shoot_task_init	16	static
Shoot_App.c:174:6:shoot_firc_init	16	static
Shoot_App.c:209:6:shoot_params_init	16	static
Shoot_App.c:228:6:shoot_servo_init	8	static
Shoot_App.c:242:6:set_shoot_mode	16	static
Shoot_App.c:246:6:set_lid_status	16	static
Shoot_App.c:250:6:set_mag_motor_speed	16	static
Shoot_App.c:255:6:set_mag_motor_angle	16	static
Shoot_App.c:267:6:set_fric_motor_speed	16	static
Shoot_App.c:271:6:set_fric_motor_current	16	static
Shoot_App.c:275:6:set_servo_value	16	static
Shoot_App.c:283:6:shoot_stop	16	static
Shoot_App.c:320:6:shoot_fric_pwm_engagement	16	static
Shoot_App.c:345:6:shoot_fric_can_engagement	24	static
Shoot_App.c:378:6:shoot_execute	24	static
Shoot_App.c:417:6:shoot_fric_get_feedback	16	static
Shoot_App.c:429:6:shoot_mag_get_feedback	16	static
Shoot_App.c:433:6:shoot_mag_get_rel_angle	16	static
Shoot_App.c:451:9:shoot_mag_update_turns	16	static
Shoot_App.c:468:6:shoot_mag_dual_loop_control	16	static
Shoot_App.c:489:13:shoot_mode_rc_selection	24	static
Shoot_App.c:521:13:shoot_lid_status_selection	16	static
Shoot_App.c:533:6:shoot_detect_mag_status	16	static
