stm32f4xx_it.c:78:6:NMI_Handler	4	static
stm32f4xx_it.c:93:6:HardFault_Handler	4	static
stm32f4xx_it.c:108:6:MemManage_Handler	4	static
stm32f4xx_it.c:123:6:BusFault_Handler	4	static
stm32f4xx_it.c:138:6:UsageFault_Handler	4	static
stm32f4xx_it.c:153:6:DebugMon_Handler	4	static
stm32f4xx_it.c:166:6:SysTick_Handler	8	static
stm32f4xx_it.c:195:6:EXTI0_IRQHandler	8	static
stm32f4xx_it.c:209:6:EXTI3_IRQHandler	8	static
stm32f4xx_it.c:223:6:EXTI4_IRQHandler	8	static
stm32f4xx_it.c:237:6:DMA1_Stream1_IRQHandler	8	static
stm32f4xx_it.c:251:6:DMA1_Stream5_IRQHandler	8	static
stm32f4xx_it.c:265:6:CAN1_TX_IRQHandler	8	static
stm32f4xx_it.c:279:6:CAN1_RX0_IRQHandler	8	static
stm32f4xx_it.c:293:6:EXTI9_5_IRQHandler	8	static
stm32f4xx_it.c:307:6:TIM8_UP_TIM13_IRQHandler	8	static
stm32f4xx_it.c:322:6:CAN2_TX_IRQHandler	8	static
stm32f4xx_it.c:336:6:CAN2_RX0_IRQHandler	8	static
stm32f4xx_it.c:350:6:DMA2_Stream5_IRQHandler	8	static
stm32f4xx_it.c:364:6:DMA2_Stream7_IRQHandler	8	static
