stm32f4xx_it.c:85:6:NMI_Handler	4	static
stm32f4xx_it.c:100:6:HardFault_Handler	4	static
stm32f4xx_it.c:115:6:MemManage_Handler	4	static
stm32f4xx_it.c:130:6:BusFault_Handler	4	static
stm32f4xx_it.c:145:6:UsageFault_Handler	4	static
stm32f4xx_it.c:160:6:DebugMon_Handler	4	static
stm32f4xx_it.c:173:6:SysTick_Handler	8	static
stm32f4xx_it.c:202:6:EXTI0_IRQHandler	8	static
stm32f4xx_it.c:216:6:EXTI4_IRQHandler	8	static
stm32f4xx_it.c:230:6:DMA1_Stream1_IRQHandler	8	static
stm32f4xx_it.c:244:6:DMA1_Stream5_IRQHandler	8	static
stm32f4xx_it.c:258:6:CAN1_TX_IRQHandler	8	static
stm32f4xx_it.c:272:6:CAN1_RX0_IRQHandler	8	static
stm32f4xx_it.c:286:6:EXTI9_5_IRQHandler	8	static
stm32f4xx_it.c:300:6:USART1_IRQHandler	8	static
stm32f4xx_it.c:314:6:USART2_IRQHandler	8	static
stm32f4xx_it.c:328:6:TIM8_UP_TIM13_IRQHandler	8	static
stm32f4xx_it.c:343:6:CAN2_TX_IRQHandler	8	static
stm32f4xx_it.c:357:6:CAN2_RX0_IRQHandler	8	static
stm32f4xx_it.c:371:6:DMA2_Stream5_IRQHandler	8	static
stm32f4xx_it.c:385:6:DMA2_Stream7_IRQHandler	8	static
