buzzer.c:27:6:buzzer_init	16	static
buzzer.c:34:6:buzzer_set_tune	16	static
buzzer.c:48:6:buzzer_alarm_times	24	static
buzzer.c:82:6:buzzer_play_g0	16	static
buzzer.c:91:6:buzzer_play_c1	16	static
buzzer.c:101:6:buzzer_play_cs1	16	static
buzzer.c:110:6:buzzer_play_d1	16	static
buzzer.c:119:6:buzzer_play_ds1	16	static
buzzer.c:128:6:buzzer_play_e1	16	static
buzzer.c:137:6:buzzer_play_f1	16	static
buzzer.c:146:6:buzzer_play_fs1	16	static
buzzer.c:155:6:buzzer_play_g1	16	static
buzzer.c:165:6:buzzer_play_gs1	16	static
buzzer.c:174:6:buzzer_play_a1	16	static
buzzer.c:183:6:buzzer_play_as1	16	static
buzzer.c:192:6:buzzer_play_b1	16	static
buzzer.c:201:6:buzzer_play_c2	16	static
buzzer.c:210:6:buzzer_play_cs2	16	static
buzzer.c:219:6:buzzer_play_d2	16	static
buzzer.c:228:6:buzzer_play_ds2	16	static
buzzer.c:237:6:buzzer_play_e2	16	static
buzzer.c:246:6:buzzer_play_as2	16	static
buzzer.c:255:6:buzzer_play_g2	16	static
buzzer.c:264:6:buzzer_play_gs2	16	static
buzzer.c:273:6:buzzer_rest	16	static
buzzer.c:277:6:buzzer_stop	4	static
buzzer.c:281:6:buzzer_play_scale	16	static
buzzer.c:292:6:buzzer_play_chromatic	16	static
buzzer.c:309:6:buzzer_play_mario	24	static
buzzer.c:325:6:buzzer_play_ynk	32	static
buzzer.c:478:6:play_happy_birthday	32	static
