buzzer.c:27:6:buzzer_init	16	static
buzzer.c:34:6:buzzer_set_tune	16	static
buzzer.c:48:6:buzzer_alarm_times	24	static
buzzer.c:76:6:buzzer_play_g0	16	static
buzzer.c:85:6:buzzer_play_c1	16	static
buzzer.c:95:6:buzzer_play_cs1	16	static
buzzer.c:104:6:buzzer_play_d1	16	static
buzzer.c:113:6:buzzer_play_ds1	16	static
buzzer.c:122:6:buzzer_play_e1	16	static
buzzer.c:131:6:buzzer_play_f1	16	static
buzzer.c:140:6:buzzer_play_fs1	16	static
buzzer.c:149:6:buzzer_play_g1	16	static
buzzer.c:159:6:buzzer_play_gs1	16	static
buzzer.c:168:6:buzzer_play_a1	16	static
buzzer.c:177:6:buzzer_play_as1	16	static
buzzer.c:186:6:buzzer_play_b1	16	static
buzzer.c:195:6:buzzer_play_c2	16	static
buzzer.c:204:6:buzzer_play_cs2	16	static
buzzer.c:213:6:buzzer_play_d2	16	static
buzzer.c:222:6:buzzer_play_ds2	16	static
buzzer.c:231:6:buzzer_play_e2	16	static
buzzer.c:240:6:buzzer_play_as2	16	static
buzzer.c:249:6:buzzer_play_g2	16	static
buzzer.c:258:6:buzzer_play_gs2	16	static
buzzer.c:267:6:buzzer_rest	16	static
buzzer.c:271:6:buzzer_stop	4	static
buzzer.c:275:6:buzzer_play_scale	16	static
buzzer.c:286:6:buzzer_play_chromatic	16	static
buzzer.c:303:6:buzzer_play_mario	24	static
buzzer.c:319:6:buzzer_play_ynk	32	static
buzzer.c:472:6:play_happy_birthday	32	static
